13:48:47 **** Incremental Build of configuration Debug for project module4_sw ****
make all 
make --no-print-directory pre-build
a9-linaro-pre-build-step
 
make --no-print-directory main-build
Building file: ../src/adc.c
Invoking: ARM v7 gcc compiler
arm-none-eabi-gcc -Wall -O0 -g3 -c -fmessage-length=0 -MT"src/adc.o" -mcpu=cortex-a9 -mfpu=vfpv3 -mfloat-abi=hard -I/thayerfs/home/f00436n/engs62/module4/module4_hw_wrapper/export/module4_hw_wrapper/sw/module4_hw_wrapper/standalone_ps7_cortexa9_0/bspinclude/include -MMD -MP -MF"src/adc.d" -MT"src/adc.o" -o "src/adc.o" "../src/adc.c"
../src/adc.c: In function 'adc_get_pot':
../src/adc.c:58:1: warning: control reaches end of non-void function [-Wreturn-type]
   58 | }
      | ^
Finished building: ../src/adc.c
 
Building target: module4_sw.elf
Invoking: ARM v7 gcc linker
arm-none-eabi-gcc -mcpu=cortex-a9 -mfpu=vfpv3 -mfloat-abi=hard -Wl,-build-id=none -specs=Xilinx.spec -Wl,-T -Wl,../src/lscript.ld -L/thayerfs/home/f00436n/engs62/module4/module4_hw_wrapper/export/module4_hw_wrapper/sw/module4_hw_wrapper/standalone_ps7_cortexa9_0/bsplib/lib -o "module4_sw.elf"  ./src/adc.o ./src/blinky.o ./src/gic.o ./src/io.o ./src/led.o ./src/platform.o ./src/servo.o ./src/ttc.o   -Wl,--start-group,-lxil,-lgcc,-lc,--end-group
Finished building target: module4_sw.elf
 
Invoking: ARM v7 Print Size
arm-none-eabi-size module4_sw.elf  |tee "module4_sw.elf.size"
   text	   data	    bss	    dec	    hex	filename
  80263	   3436	  22896	 106595	  1a063	module4_sw.elf
Finished building: module4_sw.elf.size
 

13:48:49 Build Finished (took 1s.941ms)

