Nothing to build in platform 'module5_hw_wrapper'

14:38:03 **** Incremental Build of configuration Debug for project module5_sw ****
make all 
make --no-print-directory pre-build
a9-linaro-pre-build-step
 
make --no-print-directory main-build
Building file: ../src/blinky.c
Invoking: ARM v7 gcc compiler
arm-none-eabi-gcc -Wall -O0 -g3 -c -fmessage-length=0 -MT"src/blinky.o" -mcpu=cortex-a9 -mfpu=vfpv3 -mfloat-abi=hard -I/thayerfs/home/f00436n/engs62/module5/module5_hw_wrapper/export/module5_hw_wrapper/sw/module5_hw_wrapper/standalone_ps7_cortexa9_0/bspinclude/include -MMD -MP -MF"src/blinky.d" -MT"src/blinky.o" -o "src/blinky.o" "../src/blinky.c"
../src/blinky.c: In function 'main':
../src/blinky.c:219:3: warning: implicit declaration of function 'sleep' [-Wimplicit-function-declaration]
  219 |   sleep(1);
      |   ^~~~~
Finished building: ../src/blinky.c
 
Building target: module5_sw.elf
Invoking: ARM v7 gcc linker
arm-none-eabi-gcc -mcpu=cortex-a9 -mfpu=vfpv3 -mfloat-abi=hard -Wl,-build-id=none -specs=Xilinx.spec -Wl,-T -Wl,../src/lscript.ld -L/thayerfs/home/f00436n/engs62/module5/module5_hw_wrapper/export/module5_hw_wrapper/sw/module5_hw_wrapper/standalone_ps7_cortexa9_0/bsplib/lib -o "module5_sw.elf"  ./src/blinky.o ./src/gic.o ./src/io.o ./src/led.o ./src/platform.o   -Wl,--start-group,-lxil,-lgcc,-lc,--end-group
Finished building target: module5_sw.elf
 
Invoking: ARM v7 Print Size
arm-none-eabi-size module5_sw.elf  |tee "module5_sw.elf.size"
   text	   data	    bss	    dec	    hex	filename
  69523	   3412	  22944	  95879	  17687	module5_sw.elf
Finished building: module5_sw.elf.size
 
Nothing to build in platform 'module5_hw_wrapper'

14:43:51 **** Incremental Build of configuration Debug for project module5_sw ****
make all 
make --no-print-directory pre-build
a9-linaro-pre-build-step
 
make --no-print-directory main-build
make[1]: Nothing to be done for 'main-build'.
14:43:54 **** Build of configuration Debug for project module5_sw_system ****
make all 
Generating bif file for the system project
Executing command '::scw::generate_bif -xpfm /thayerfs/home/f00436n/engs62/module5/module5_hw_wrapper/export/module5_hw_wrapper/module5_hw_wrapper.xpfm -domains standalone_ps7_cortexa9_0 -bifpath /thayerfs/home/f00436n/engs62/module5/module5_sw_system/Debug/system.bif' on XSCT
sdcard_gen --xpfm /thayerfs/home/f00436n/engs62/module5/module5_hw_wrapper/export/module5_hw_wrapper/module5_hw_wrapper.xpfm --sys_config module5_hw_wrapper --bif /thayerfs/home/f00436n/engs62/module5/module5_sw_system/Debug/system.bif --bitstream /thayerfs/home/f00436n/engs62/module5/module5_sw/_ide/bitstream/module5_hw_wrapper.bit --elf /thayerfs/home/f00436n/engs62/module5/module5_sw/Debug/module5_sw.elf,ps7_cortexa9_0
creating BOOT.BIN using /thayerfs/home/f00436n/engs62/module5/module5_sw/_ide/bitstream/module5_hw_wrapper.bit
Running /thayerfs/apps/xilinx/Vitis/2021.2/bin/bootgen  -image /thayerfs/home/f00436n/engs62/module5/module5_sw_system/Debug/sd_card_temp/boot.bif -w -o i BOOT.BIN
