12:56:42 **** Incremental Build of configuration Debug for project module5_sw ****
make all 
make --no-print-directory pre-build
a9-linaro-pre-build-step
 
make --no-print-directory main-build
Building file: ../src/blinky.c
Invoking: ARM v7 gcc compiler
arm-none-eabi-gcc -Wall -O0 -g3 -c -fmessage-length=0 -MT"src/blinky.o" -mcpu=cortex-a9 -mfpu=vfpv3 -mfloat-abi=hard -I/thayerfs/home/f00436n/engs62/module5/module5_hw_wrapper/export/module5_hw_wrapper/sw/module5_hw_wrapper/standalone_ps7_cortexa9_0/bspinclude/include -MMD -MP -MF"src/blinky.d" -MT"src/blinky.o" -o "src/blinky.o" "../src/blinky.c"
../src/blinky.c: In function 'main':
../src/blinky.c:237:3: warning: implicit declaration of function 'sleep' [-Wimplicit-function-declaration]
  237 |   sleep(1);
      |   ^~~~~
At top level:
../src/blinky.c:57:11: warning: 'upreqbuff' defined but not used [-Wunused-variable]
   57 | static u8 upreqbuff[sizeof(int)];
      |           ^~~~~~~~~
Finished building: ../src/blinky.c
 
Building target: module5_sw.elf
Invoking: ARM v7 gcc linker
arm-none-eabi-gcc -mcpu=cortex-a9 -mfpu=vfpv3 -mfloat-abi=hard -Wl,-build-id=none -specs=Xilinx.spec -Wl,-T -Wl,../src/lscript.ld -L/thayerfs/home/f00436n/engs62/module5/module5_hw_wrapper/export/module5_hw_wrapper/sw/module5_hw_wrapper/standalone_ps7_cortexa9_0/bsplib/lib -o "module5_sw.elf"  ./src/blinky.o ./src/gic.o ./src/io.o ./src/led.o ./src/platform.o   -Wl,--start-group,-lxil,-lgcc,-lc,--end-group
Finished building target: module5_sw.elf
 
Invoking: ARM v7 Print Size
arm-none-eabi-size module5_sw.elf  |tee "module5_sw.elf.size"
   text	   data	    bss	    dec	    hex	filename
  71151	   3412	  23104	  97667	  17d83	module5_sw.elf
Finished building: module5_sw.elf.size
 

12:56:44 Build Finished (took 1s.577ms)

