19:37:37 **** Incremental Build of configuration Debug for project module5_sw ****
make all 
make --no-print-directory pre-build
a9-linaro-pre-build-step
 
make --no-print-directory main-build
Building file: ../src/wifi.c
Invoking: ARM v7 gcc compiler
arm-none-eabi-gcc -Wall -O0 -g3 -c -fmessage-length=0 -MT"src/wifi.o" -mcpu=cortex-a9 -mfpu=vfpv3 -mfloat-abi=hard -I/thayerfs/home/f00436n/engs62/module5/module5_hw_wrapper/export/module5_hw_wrapper/sw/module5_hw_wrapper/standalone_ps7_cortexa9_0/bspinclude/include -MMD -MP -MF"src/wifi.d" -MT"src/wifi.o" -o "src/wifi.o" "../src/wifi.c"
../src/wifi.c:19:13: warning: 'buffer' defined but not used [-Wunused-variable]
   19 | static char buffer[64];
      |             ^~~~~~
Finished building: ../src/wifi.c
 
Building target: module5_sw.elf
Invoking: ARM v7 gcc linker
arm-none-eabi-gcc -mcpu=cortex-a9 -mfpu=vfpv3 -mfloat-abi=hard -Wl,-build-id=none -specs=Xilinx.spec -Wl,-T -Wl,../src/lscript.ld -L/thayerfs/home/f00436n/engs62/module5/module5_hw_wrapper/export/module5_hw_wrapper/sw/module5_hw_wrapper/standalone_ps7_cortexa9_0/bsplib/lib -o "module5_sw.elf"  ./src/adc.o ./src/blinky.o ./src/gic.o ./src/io.o ./src/led.o ./src/platform.o ./src/servo.o ./src/wifi.o   -Wl,--start-group,-lxil,-lgcc,-lc,--end-group
Finished building target: module5_sw.elf
 
Invoking: ARM v7 Print Size
arm-none-eabi-size module5_sw.elf  |tee "module5_sw.elf.size"
   text	   data	    bss	    dec	    hex	filename
  82555	   3436	  23232	 109223	  1aaa7	module5_sw.elf
Finished building: module5_sw.elf.size
 

19:37:39 Build Finished (took 2s.124ms)

