Nothing to build in platform 'module3_hw_wrapper'

15:42:41 **** Incremental Build of configuration Debug for project module3_sw ****
make all 
make --no-print-directory pre-build
a9-linaro-pre-build-step
 
make --no-print-directory main-build
Building file: ../src/blinky.c
Invoking: ARM v7 gcc compiler
arm-none-eabi-gcc -Wall -O0 -g3 -c -fmessage-length=0 -MT"src/blinky.o" -mcpu=cortex-a9 -mfpu=vfpv3 -mfloat-abi=hard -I/thayerfs/home/f00436n/engs62/module3/module3_hw_wrapper/export/module3_hw_wrapper/sw/module3_hw_wrapper/standalone_ps7_cortexa9_0/bspinclude/include -MMD -MP -MF"src/blinky.d" -MT"src/blinky.o" -o "src/blinky.o" "../src/blinky.c"
Finished building: ../src/blinky.c
 
Building target: module3_sw.elf
Invoking: ARM v7 gcc linker
arm-none-eabi-gcc -mcpu=cortex-a9 -mfpu=vfpv3 -mfloat-abi=hard -Wl,-build-id=none -specs=Xilinx.spec -Wl,-T -Wl,../src/lscript.ld -L/thayerfs/home/f00436n/engs62/module3/module3_hw_wrapper/export/module3_hw_wrapper/sw/module3_hw_wrapper/standalone_ps7_cortexa9_0/bsplib/lib -o "module3_sw.elf"  ./src/blinky.o ./src/gic.o ./src/io.o ./src/led.o ./src/platform.o ./src/servo.o ./src/ttc.o   -Wl,--start-group,-lxil,-lgcc,-lc,--end-group
Finished building target: module3_sw.elf
 
Invoking: ARM v7 Print Size
arm-none-eabi-size module3_sw.elf  |tee "module3_sw.elf.size"
   text	   data	    bss	    dec	    hex	filename
  72167	   3428	  22896	  98491	  180bb	module3_sw.elf
Finished building: module3_sw.elf.size
 
