Nothing to build in platform 'module3_hw_wrapper'

17:30:22 **** Clean-only build of configuration Debug for project module3_sw ****
make clean 
rm -rf  ./src/helloworld.o ./src/platform.o  ./src/helloworld.d ./src/platform.d  module3_sw.elf.size  module3_sw.elf
 
17:30:23 **** Incremental Build of configuration Debug for project module3_sw ****
make all 
make --no-print-directory pre-build
a9-linaro-pre-build-step
 
make --no-print-directory main-build
Building file: ../src/blinky.c
Invoking: ARM v7 gcc compiler
arm-none-eabi-gcc -Wall -O0 -g3 -c -fmessage-length=0 -MT"src/blinky.o" -mcpu=cortex-a9 -mfpu=vfpv3 -mfloat-abi=hard -I/thayerfs/home/f00436n/engs62/module3/module3_hw_wrapper/export/module3_hw_wrapper/sw/module3_hw_wrapper/standalone_ps7_cortexa9_0/bspinclude/include -MMD -MP -MF"src/blinky.d" -MT"src/blinky.o" -o "src/blinky.o" "../src/blinky.c"
../src/blinky.c: In function 'main':
../src/blinky.c:80:19: warning: format '%lu' expects argument of type 'long unsigned int', but argument 2 has type 'int' [-Wformat=]
   80 |    printf("\nLED%lu toggled!", num);
      |                 ~~^            ~~~
      |                   |            |
      |                   |            int
      |                   long unsigned int
      |                 %u
Finished building: ../src/blinky.c
 
Building file: ../src/gic.c
Invoking: ARM v7 gcc compiler
arm-none-eabi-gcc -Wall -O0 -g3 -c -fmessage-length=0 -MT"src/gic.o" -mcpu=cortex-a9 -mfpu=vfpv3 -mfloat-abi=hard -I/thayerfs/home/f00436n/engs62/module3/module3_hw_wrapper/export/module3_hw_wrapper/sw/module3_hw_wrapper/standalone_ps7_cortexa9_0/bspinclude/include -MMD -MP -MF"src/gic.d" -MT"src/gic.o" -o "src/gic.o" "../src/gic.c"
Finished building: ../src/gic.c
 
Building file: ../src/io.c
Invoking: ARM v7 gcc compiler
arm-none-eabi-gcc -Wall -O0 -g3 -c -fmessage-length=0 -MT"src/io.o" -mcpu=cortex-a9 -mfpu=vfpv3 -mfloat-abi=hard -I/thayerfs/home/f00436n/engs62/module3/module3_hw_wrapper/export/module3_hw_wrapper/sw/module3_hw_wrapper/standalone_ps7_cortexa9_0/bspinclude/include -MMD -MP -MF"src/io.d" -MT"src/io.o" -o "src/io.o" "../src/io.c"
../src/io.c: In function 'btn_to_led':
../src/io.c:49:10: warning: too many arguments for format [-Wformat-extra-args]
   49 |   printf("\nInvalid button!", btn);
      |          ^~~~~~~~~~~~~~~~~~~
Finished building: ../src/io.c
 
Building file: ../src/led.c
Invoking: ARM v7 gcc compiler
arm-none-eabi-gcc -Wall -O0 -g3 -c -fmessage-length=0 -MT"src/led.o" -mcpu=cortex-a9 -mfpu=vfpv3 -mfloat-abi=hard -I/thayerfs/home/f00436n/engs62/module3/module3_hw_wrapper/export/module3_hw_wrapper/sw/module3_hw_wrapper/standalone_ps7_cortexa9_0/bspinclude/include -MMD -MP -MF"src/led.d" -MT"src/led.o" -o "src/led.o" "../src/led.c"
Finished building: ../src/led.c
 
Building file: ../src/platform.c
Invoking: ARM v7 gcc compiler
arm-none-eabi-gcc -Wall -O0 -g3 -c -fmessage-length=0 -MT"src/platform.o" -mcpu=cortex-a9 -mfpu=vfpv3 -mfloat-abi=hard -I/thayerfs/home/f00436n/engs62/module3/module3_hw_wrapper/export/module3_hw_wrapper/sw/module3_hw_wrapper/standalone_ps7_cortexa9_0/bspinclude/include -MMD -MP -MF"src/platform.d" -MT"src/platform.o" -o "src/platform.o" "../src/platform.c"
Finished building: ../src/platform.c
 
Building target: module3_sw.elf
Invoking: ARM v7 gcc linker
arm-none-eabi-gcc -mcpu=cortex-a9 -mfpu=vfpv3 -mfloat-abi=hard -Wl,-build-id=none -specs=Xilinx.spec -Wl,-T -Wl,../src/lscript.ld -L/thayerfs/home/f00436n/engs62/module3/module3_hw_wrapper/export/module3_hw_wrapper/sw/module3_hw_wrapper/standalone_ps7_cortexa9_0/bsplib/lib -o "module3_sw.elf"  ./src/blinky.o ./src/gic.o ./src/io.o ./src/led.o ./src/platform.o   -Wl,--start-group,-lxil,-lgcc,-lc,--end-group
Finished building target: module3_sw.elf
 
Invoking: ARM v7 Print Size
arm-none-eabi-size module3_sw.elf  |tee "module3_sw.elf.size"
   text	   data	    bss	    dec	    hex	filename
  64815	   3380	  22800	  90995	  16373	module3_sw.elf
Finished building: module3_sw.elf.size
 
